// Jest Snapshot v1, https://goo.gl/fbAQLP

exports[`renders homepage unchanged 1`] = `
<div
  className="c-PJLV c-PJLV-igrbCmW-css"
>
  <div
    className="c-gnQUIq c-gnQUIq-eFMWJu-size-1 c-gnQUIq-eprayK-size-2"
  >
    <h1
      className="c-eOeUpf"
    >
      Solidity Full-Stack Dapp Starter
    </h1>
    <div
      className="c-PJLV c-PJLV-igjdJOs-css"
    >
      <p
        className="c-eOeUpf"
      >
        Store Value : 
        
         
      </p>
      <label
        className="c-PJLV c-PJLV-ieVcRja-css"
        htmlFor="store-input"
      >
        Input text
      </label>
      <input
        className="c-exODu"
        id="store-input"
        name="store-input"
        onChange={[Function]}
        type="text"
        value=""
      />
      <div
        className="c-PJLV c-PJLV-ihOAWxo-css"
      >
        <button
          className="c-jqTgjG c-jqTgjG-WjCKu-color-purple"
          onClick={[Function]}
          type="button"
        >
          Set new value to store
        </button>
      </div>
    </div>
  </div>
</div>
`;
